{
	"name": "Snapchat",
	"desc_long": "ðŸš¨no jailbreak detection canâ€™t tell the other person u took a screenshot prevents u from getting forced logoutðŸš¨<p><p><p>",
	"compatitle": "iOS 11 12 13",
	"changelog": "<strong>1.0</strong><br>added no jailbreak detection<br>added no screenshots notifications<br>added prevent ban /no force logout<br>",
	"screenshot": null,
	"open": true,

"warning": "Login info <br>Username:Coco <br> Password:cocox",

}